{"tool":"phpunit","result":"failed","tests":22,"passed":20,"assertions":58,"duration_ms":400,"failed":2,"failures":[{"test":"Tests\\Feature\\RegistrationTest::test_registration_form_loads_with_active_workshop","file":"/Users/naveenadicharla/Documents/Sai-video/tests/Feature/RegistrationTest.php","line":18,"message":"Failed asserting that '<!DOCTYPE html>\\n\n<html lang=\"en\">\\n\n<head>\\n\n    <meta charset=\"utf-8\">\\n\n    <meta name=\"viewport\" content=\"width=device-width, initial-scale=1\">\\n\n    <title>WorkshopPro | Registration</title>\\n\n    <link rel=\"preconnect\" href=\"https://fonts.googleapis.com\">\\n\n    <link rel=\"preconnect\" href=\"https://fonts.gstatic.com\" crossorigin>\\n\n    <link href=\"https://fonts.googleapis.com/css2?family=Outfit:wght@300;400;600;700;800&family=Inter:wght@300;400;500;600&display=swap\" rel=\"stylesheet\">\\n\n    <link rel=\"stylesheet\" href=\"https://cdn.jsdelivr.net/npm/bootstrap-icons@1.11.1/font/bootstrap-icons.css\">\\n\n    <style>\\n\n        :root {\\n\n            --primary: #000000;\\n\n            --primary-dark: #1a1a1a;\\n\n            --bg-main: #ffffff;\\n\n            --bg-card: #f8f9fa;\\n\n            --text-main: #000000;\\n\n            --text-muted: #6c757d;\\n\n            --border: #e9ecef;\\n\n            --accent: #212529;\\n\n        }\\n\n\\n\n        * { margin: 0; padding: 0; box-sizing: border-box; }\\n\n\\n\n        body {\\n\n            font-family: 'Inter', sans-serif;\\n\n            background-color: var(--bg-main);\\n\n            color: var(--text-main);\\n\n            min-height: 100vh;\\n\n            display: flex;\\n\n            flex-direction: column;\\n\n        }\\n\n\\n\n        /* Navbar */\\n\n        .navbar {\\n\n            background: #ffffff;\\n\n            border-bottom: 1px solid var(--border);\\n\n            padding: 1.5rem 5%;\\n\n            display: flex;\\n\n            justify-content: center; /* Centered brand for minimal look */\\n\n            align-items: center;\\n\n            position: sticky;\\n\n            top: 0;\\n\n            z-index: 1000;\\n\n        }\\n\n        .nav-brand {\\n\n            font-family: 'Outfit', sans-serif;\\n\n            font-weight: 800;\\n\n            font-size: 1.5rem;\\n\n            color: var(--text-main);\\n\n            text-decoration: none;\\n\n            letter-spacing: -1px;\\n\n            text-transform: uppercase;\\n\n        }\\n\n\\n\n        /* Main Container */\\n\n        .main-container {\\n\n            flex-grow: 1;\\n\n            width: 100%;\\n\n            margin: 0 auto;\\n\n            position: relative;\\n\n        }\\n\n\\n\n        .toast-container {\\n\n            position: fixed;\\n\n            top: 2rem;\\n\n            right: 2rem;\\n\n            z-index: 2000;\\n\n            display: flex;\\n\n            flex-direction: column;\\n\n            gap: 1rem;\\n\n            max-width: 400px;\\n\n            width: calc(100% - 4rem);\\n\n        }\\n\n        .toast-item {\\n\n            background: rgba(255, 255, 255, 0.95);\\n\n            backdrop-filter: blur(10px);\\n\n            border-radius: 1rem;\\n\n            padding: 1.25rem;\\n\n            display: flex;\\n\n            align-items: flex-start;\\n\n            gap: 1rem;\\n\n            box-shadow: 0 10px 30px rgba(0, 0, 0, 0.1);\\n\n            border: 1px solid rgba(0, 0, 0, 0.05);\\n\n            transition: all 0.5s cubic-bezier(0.19, 1, 0.22, 1);\\n\n        }\\n\n        .animate-in {\\n\n            animation: toastIn 0.5s forwards;\\n\n        }\\n\n        .animate-out {\\n\n            animation: toastOut 0.5s forwards;\\n\n        }\\n\n        @keyframes toastIn {\\n\n            from { transform: translateX(100%); opacity: 0; }\\n\n            to { transform: translateX(0); opacity: 1; }\\n\n        }\\n\n        @keyframes toastOut {\\n\n            from { transform: translateX(0); opacity: 1; }\\n\n            to { transform: translateX(100%); opacity: 0; }\\n\n        }\\n\n        .toast-icon {\\n\n            font-size: 1.5rem;\\n\n            flex-shrink: 0;\\n\n        }\\n\n        .toast-success .toast-icon { color: #10b981; }\\n\n        .toast-error .toast-icon { color: #ef4444; }\\n\n        .toast-content { flex-grow: 1; }\\n\n        .toast-title {\\n\n            font-family: 'Outfit', sans-serif;\\n\n            font-weight: 700;\\n\n            font-size: 1rem;\\n\n            margin-bottom: 0.25rem;\\n\n            color: #000000;\\n\n        }\\n\n        .toast-message {\\n\n            font-size: 0.875rem;\\n\n            color: #666666;\\n\n            line-height: 1.4;\\n\n        }\\n\n        .toast-close {\\n\n            background: none;\\n\n            border: none;\\n\n            padding: 0;\\n\n            cursor: pointer;\\n\n            color: #999999;\\n\n            font-size: 1.25rem;\\n\n            display: flex;\\n\n        }\\n\n        .toast-close:hover { color: #000000; }\\n\n\\n\n        footer {\\n\n            text-align: center;\\n\n            padding: 2rem;\\n\n            color: var(--text-muted);\\n\n            font-size: 0.75rem;\\n\n            background: #ffffff;\\n\n        }\\n\n\\n\n        @media (max-width: 768px) {\\n\n            .page-title { font-size: 2.25rem; }\\n\n        }\\n\n    </style>\\n\n</head>\\n\n<body>\\n\n    <div id=\"toast-container\" class=\"toast-container\">\\n\n        \\n\n        \\n\n            </div>\\n\n\\n\n    <script>\\n\n        function showToast(title, message, type = 'success') {\\n\n            const container = document.getElementById('toast-container');\\n\n            const toast = document.createElement('div');\\n\n            toast.className = `toast-item toast-${type} animate-in`;\\n\n            \\n\n            const iconClass = type === 'success' ? 'bi-check2-circle' : 'bi-exclamation-circle';\\n\n            \\n\n            toast.innerHTML = `\\n\n                <div class=\"toast-icon\"><i class=\"bi ${iconClass}\"></i></div>\\n\n                <div class=\"toast-content\">\\n\n                    <div class=\"toast-title\">${title}</div>\\n\n                    <div class=\"toast-message\">${message}</div>\\n\n                </div>\\n\n                <button type=\"button\" class=\"toast-close\" onclick=\"this.parentElement.remove()\"><i class=\"bi bi-x\"></i></button>\\n\n            `;\\n\n            \\n\n            container.appendChild(toast);\\n\n            \\n\n            setTimeout(() => {\\n\n                toast.classList.replace('animate-in', 'animate-out');\\n\n                setTimeout(() => toast.remove(), 500);\\n\n            }, 5000);\\n\n        }\\n\n\\n\n        // Auto-hide existing toasts\\n\n        document.querySelectorAll('.toast-item').forEach(toast => {\\n\n            setTimeout(() => {\\n\n                toast.classList.replace('animate-in', 'animate-out');\\n\n                setTimeout(() => toast.remove(), 500);\\n\n            }, 5000);\\n\n        });\\n\n    </script>\\n\n\\n\n    <main class=\"main-container\">\\n\n        <div class=\"typeform-container\">\\n\n    <div class=\"progress-bar-container\">\\n\n        <div class=\"progress-bar-fill\" id=\"progressBar\"></div>\\n\n    </div>\\n\n\\n\n    <!-- Background Slider -->\\n\n    <div class=\"slider-bg\">\\n\n                    <div class=\"slider-item active\" style=\"background-image: url('/images/backgrounds/bg1.png')\"></div>\\n\n            <div class=\"slider-item\" style=\"background-image: url('/images/backgrounds/bg2.png')\"></div>\\n\n                <div class=\"slider-overlay\"></div>\\n\n    </div>\\n\n\\n\n    <!-- Logo Overlay -->\\n\n    <div class=\"logo-overlay\">\\n\n                    <span class=\"fs-4 fw-bold\">WorkshopPro</span>\\n\n            </div>\\n\n\\n\n        <form action=\"http://127.0.0.1:8000/register\" method=\"POST\" id=\"typeform\">\\n\n        <input type=\"hidden\" name=\"_token\" value=\"V0uSIFNhiQNifw8Qnajkn3dEGb5KP6kNeOLBbYdz\" autocomplete=\"off\">        <input type=\"hidden\" name=\"workshop_id\" value=\"1\">\\n\n        \\n\n        <!-- Step 1: Welcome -->\\n\n        <div class=\"tf-step active\" data-step=\"1\">\\n\n            <div class=\"tf-content\">\\n\n                <span class=\"tf-number\">01 \u2192</span>\\n\n                <h1 class=\"tf-question\">Let's get started. What's your full name?</h1>\\n\n                <p class=\"tf-description\">We'll use this for your event badge.</p>\\n\n                <input type=\"text\" name=\"full_name\" class=\"tf-input \" placeholder=\"Type your answer here...\" value=\"\" required autofocus>\\n\n                                <div class=\"tf-nav-hint\">Press <strong>ENTER</strong> to continue</div>\\n\n                <button type=\"button\" class=\"tf-next-btn\">OK <i class=\"bi bi-check2\"></i></button>\\n\n            </div>\\n\n        </div>\\n\n\\n\n        <!-- Step 2: Phone -->\\n\n        <div class=\"tf-step\" data-step=\"2\" id=\"phoneStep\">\\n\n            <div class=\"tf-content\">\\n\n                <span class=\"tf-number\">02 \u2192</span>\\n\n                <h1 class=\"tf-question\">Great! What's your mobile number?</h1>\\n\n                <p class=\"tf-description text-primary fw-bold\" style=\"color: #000 !important; opacity: 0.8;\">Please provide <strong>WhatsApp number only</strong>.</p>\\n\n                <div class=\"input-action-wrapper\">\\n\n                    <input type=\"tel\" id=\"phone\" name=\"phone\" class=\"tf-input \" placeholder=\"+91\" value=\"\" required>\\n\n                                    </div>\\n\n                <div class=\"tf-nav-hint\">We'll send an OTP to this number when you click next</div>\\n\n                <button type=\"button\" class=\"tf-next-btn\" id=\"phoneNextBtn\">Next</button>\\n\n            </div>\\n\n        </div>\\n\n\\n\n        <!-- Step 3: OTP -->\\n\n        <div class=\"tf-step\" data-step=\"3\">\\n\n            <div class=\"tf-content\">\\n\n                <span class=\"tf-number\">03 \u2192</span>\\n\n                <h1 class=\"tf-question\">Verify your number. Enter the 6-digit OTP.</h1>\\n\n                <p class=\"tf-description\">Check your WhatsApp / SMS for the code.</p>\\n\n                <input type=\"text\" name=\"otp\" class=\"tf-input \" placeholder=\"000000\" maxlength=\"6\" required>\\n\n                                <div id=\"otpTimer\" class=\"tf-description mt-2\" style=\"display: none;\">Resend in <span id=\"timerCount\">30</span>s</div>\\n\n                <button type=\"button\" class=\"tf-next-btn\">Verify</button>\\n\n            </div>\\n\n        </div>\\n\n\\n\n\\n\n        <!-- Step 4: Address -->\\n\n        <div class=\"tf-step\" data-step=\"4\">\\n\n            <div class=\"tf-content\">\\n\n                <span class=\"tf-number\">04 \u2192</span>\\n\n                <h1 class=\"tf-question\">Finally, where should we send your materials?</h1>\\n\n                <p class=\"tf-description\">Enter your full mailing address.</p>\\n\n                <textarea name=\"address\" class=\"tf-input tf-textarea \" placeholder=\"Type your address here...\" required></textarea>\\n\n                                <div class=\"mt-4\">\\n\n                    <button type=\"submit\" class=\"tf-submit-btn\">Submit My Registration</button>\\n\n                </div>\\n\n            </div>\\n\n        </div>\\n\n    </form>\\n\n    \\n\n    <div class=\"tf-controls\">\\n\n        <button type=\"button\" id=\"prevStep\" class=\"tf-control-btn\" disabled><i class=\"bi bi-chevron-up\"></i></button>\\n\n        <button type=\"button\" id=\"nextStep\" class=\"tf-control-btn\"><i class=\"bi bi-chevron-down\"></i></button>\\n\n    </div>\\n\n</div>\\n\n\\n\n<style>\\n\n    .typeform-container {\\n\n        width: 100%;\\n\n        height: 100vh;\\n\n        background: #ffffff;\\n\n        position: relative;\\n\n        overflow: hidden;\\n\n    }\\n\n\\n\n    .progress-bar-container {\\n\n        position: fixed;\\n\n        top: 0;\\n\n        left: 0;\\n\n        width: 100%;\\n\n        height: 4px;\\n\n        background: #f0f0f0;\\n\n        z-index: 1001;\\n\n    }\\n\n\\n\n    .progress-bar-fill {\\n\n        height: 100%;\\n\n        background: linear-gradient(90deg, #6366f1, #a855f7);\\n\n        width: 20%;\\n\n        box-shadow: 0 0 15px rgba(99, 102, 241, 0.5);\\n\n        transition: width 0.8s cubic-bezier(0.65, 0, 0.35, 1);\\n\n    }\\n\n\\n\n    .tf-step {\\n\n        position: absolute;\\n\n        top: 0;\\n\n        left: 0;\\n\n        width: 100%;\\n\n        height: 100%;\\n\n        display: flex;\\n\n        align-items: center;\\n\n        justify-content: center;\\n\n        opacity: 0;\\n\n        visibility: hidden;\\n\n        transform: translateY(20px);\\n\n        transition: all 0.6s cubic-bezier(0.4, 0, 0.2, 1);\\n\n        padding: 4rem 2rem 2rem; /* Increased top padding for mobile */\\n\n    }\\n\n\\n\n    .tf-step.active {\\n\n        opacity: 1;\\n\n        visibility: visible;\\n\n        transform: translateY(0);\\n\n    }\\n\n\\n\n    .tf-step.prev {\\n\n        transform: translateY(-50px);\\n\n        opacity: 0;\\n\n    }\\n\n\\n\n    .tf-content {\\n\n        max-width: 700px;\\n\n        width: 100%;\\n\n        background: rgba(255, 255, 255, 0.7);\\n\n        backdrop-filter: blur(20px) saturate(180%);\\n\n        -webkit-backdrop-filter: blur(20px) saturate(180%);\\n\n        padding: 4rem;\\n\n        border-radius: 2.5rem;\\n\n        border: 1px solid rgba(255, 255, 255, 0.3);\\n\n        box-shadow: 0 25px 50px -12px rgba(0, 0, 0, 0.15);\\n\n    }\\n\n\\n\n    .tf-number {\\n\n        font-family: 'Outfit', sans-serif;\\n\n        font-size: 1.25rem;\\n\n        color: #cccccc;\\n\n        margin-bottom: 1rem;\\n\n        display: block;\\n\n    }\\n\n\\n\n    .tf-question {\\n\n        font-family: 'Outfit', sans-serif;\\n\n        font-size: 2.5rem;\\n\n        font-weight: 700;\\n\n        line-height: 1.2;\\n\n        margin-bottom: 1rem;\\n\n        color: #000000;\\n\n    }\\n\n\\n\n    .tf-description {\\n\n        font-size: 1.1rem;\\n\n        color: #666666;\\n\n        margin-bottom: 2rem;\\n\n    }\\n\n\\n\n    .tf-input {\\n\n        width: 100%;\\n\n        background: transparent;\\n\n        border: none;\\n\n        border-bottom: 2px solid #eeeeee;\\n\n        font-size: 2rem;\\n\n        padding: 0.5rem 0;\\n\n        color: #000000;\\n\n        transition: border-color 0.3s;\\n\n        border-radius: 0;\\n\n    }\\n\n\\n\n    .tf-input:focus {\\n\n        outline: none;\\n\n        border-color: #000000;\\n\n    }\\n\n\\n\n    .tf-textarea {\\n\n        font-size: 1.5rem;\\n\n        min-height: 150px;\\n\n        resize: none;\\n\n    }\\n\n\\n\n    .tf-nav-hint {\\n\n        margin-top: 2rem;\\n\n        font-size: 0.8rem;\\n\n        color: #999999;\\n\n        text-transform: uppercase;\\n\n        letter-spacing: 1px;\\n\n    }\\n\n\\n\n    .tf-error {\\n\n        color: #ff0000;\\n\n        font-size: 0.9rem;\\n\n        margin-top: 0.5rem;\\n\n        font-weight: 500;\\n\n        animation: shake 0.5s cubic-bezier(.36,.07,.19,.97) both;\\n\n    }\\n\n\\n\n    @keyframes shake {\\n\n        10%, 90% { transform: translate3d(-1px, 0, 0); }\\n\n        20%, 80% { transform: translate3d(2px, 0, 0); }\\n\n        30%, 50%, 70% { transform: translate3d(-4px, 0, 0); }\\n\n        40%, 60% { transform: translate3d(4px, 0, 0); }\\n\n    }\\n\n\\n\n    .tf-next-btn, .tf-submit-btn {\\n\n        background: linear-gradient(135deg, #000000, #1e293b);\\n\n        color: #ffffff;\\n\n        border: none;\\n\n        padding: 1.25rem 2.5rem;\\n\n        font-size: 1.1rem;\\n\n        font-weight: 700;\\n\n        border-radius: 1rem;\\n\n        margin-top: 2.5rem;\\n\n        cursor: pointer;\\n\n        transition: all 0.3s cubic-bezier(0.4, 0, 0.2, 1);\\n\n        display: flex;\\n\n        align-items: center;\\n\n        gap: 0.75rem;\\n\n        box-shadow: 0 10px 15px -3px rgba(0, 0, 0, 0.1);\\n\n    }\\n\n    \\n\n    .tf-next-btn:hover, .tf-submit-btn:hover {\\n\n        transform: translateY(-3px) scale(1.02);\\n\n        box-shadow: 0 20px 25px -5px rgba(0, 0, 0, 0.2);\\n\n        background: linear-gradient(135deg, #1e293b, #0f172a);\\n\n    }\\n\n\\n\n    .tf-controls {\\n\n        position: fixed;\\n\n        bottom: 2rem;\\n\n        right: 2rem;\\n\n        display: flex;\\n\n        gap: 0.5rem;\\n\n    }\\n\n\\n\n    .tf-control-btn {\\n\n        background: #000000;\\n\n        color: #ffffff;\\n\n        border: none;\\n\n        width: 40px;\\n\n        height: 40px;\\n\n        display: flex;\\n\n        align-items: center;\\n\n        justify-content: center;\\n\n        cursor: pointer;\\n\n        font-size: 1.2rem;\\n\n    }\\n\n\\n\n    .tf-control-btn:disabled {\\n\n        background: #eeeeee;\\n\n        color: #cccccc;\\n\n        cursor: not-allowed;\\n\n    }\\n\n\\n\n    @media (max-width: 768px) {\\n\n        .tf-question { font-size: 1.8rem; }\\n\n        .tf-input { font-size: 1.4rem; }\\n\n        .logo-overlay { top: 1rem; left: 1rem; }\\n\n        .logo-overlay img { max-height: 30px; }\\n\n        .tf-step { padding: 5rem 1.5rem 2rem; align-items: flex-start; } /* Align to top on mobile to avoid keyboard overlap */\\n\n        .tf-content { padding-top: 10vh; }\\n\n    }\\n\n\\n\n    /* Slider Styles */\\n\n    .slider-bg {\\n\n        position: fixed;\\n\n        top: 0; left: 0; width: 100%; height: 100%;\\n\n        z-index: 0;\\n\n    }\\n\n    .slider-item {\\n\n        position: absolute;\\n\n        top: 0; left: 0; width: 100%; height: 100%;\\n\n        background-size: cover;\\n\n        background-position: center;\\n\n        opacity: 0;\\n\n        transition: opacity 2s ease-in-out;\\n\n    }\\n\n    .slider-item.active { opacity: 1; }\\n\n    .slider-overlay {\\n\n        position: absolute;\\n\n        top: 0; left: 0; width: 100%; height: 100%;\\n\n        background: radial-gradient(circle at center, rgba(255,255,255,0.4) 0%, rgba(255,255,255,0.8) 100%);\\n\n    }\\n\n\\n\n    .logo-overlay {\\n\n        position: fixed;\\n\n        top: 2rem;\\n\n        left: 2rem;\\n\n        z-index: 1002;\\n\n    }\\n\n    .logo-overlay img { max-height: 40px; }\\n\n\\n\n    .typeform-container { z-index: 1; }\\n\n    #typeform { position: relative; z-index: 2; }\\n\n    .tf-controls { z-index: 1002; }\\n\n</style>\\n\n\\n\n<script>\\n\ndocument.addEventListener('DOMContentLoaded', function() {\\n\n    const steps = document.querySelectorAll('.tf-step');\\n\n    const totalSteps = steps.length;\\n\n    \\n\n    // Determine starting step (if there are errors, jump to the first error)\\n\n    const errorSteps = [\\n\n                                    ];\\n\n    \\n\n    let currentStepIndex = errorSteps.length > 0 ? errorSteps[0] : 0;\\n\n    \\n\n    // Initialize active step\\n\n    steps.forEach((s, i) => {\\n\n        s.classList.remove('active');\\n\n        if(i === currentStepIndex) s.classList.add('active');\\n\n    });\\n\n\\n\n    const progressBar = document.getElementById('progressBar');\\n\n    const nextBtn = document.getElementById('nextStep');\\n\n    const prevBtn = document.getElementById('prevStep');\\n\n    const tfNextBtns = document.querySelectorAll('.tf-next-btn');\\n\n\\n\n    // OTP Resend Logic\\n\n    const timerText = document.getElementById('otpTimer');\\n\n    const countSpan = document.getElementById('timerCount');\\n\n    const phoneInput = document.getElementById('phone');\\n\n\\n\n    function sendOTP() {\\n\n        if (!phoneInput.value) return false;\\n\n        \\n\n        // Visual feedback for resend timer\\n\n        timerText.style.display = 'block';\\n\n        let count = 30;\\n\n        const timer = setInterval(() => {\\n\n            count--;\\n\n            countSpan.innerText = count;\\n\n            if (count <= 0) {\\n\n                clearInterval(timer);\\n\n                timerText.style.display = 'none';\\n\n            }\\n\n        }, 1000);\\n\n\\n\n        // Actual backend call\\n\n        fetch(\"http://127.0.0.1:8000/otp/send\", {\\n\n            method: \"POST\",\\n\n            headers: {\\n\n                \"Content-Type\": \"application/json\",\\n\n                \"X-CSRF-TOKEN\": \"V0uSIFNhiQNifw8Qnajkn3dEGb5KP6kNeOLBbYdz\",\\n\n                \"Accept\": \"application/json\"\\n\n            },\\n\n            body: JSON.stringify({ phone: phoneInput.value })\\n\n        })\\n\n        .then(response => response.json())\\n\n        .then(data => {\\n\n            if (!data.success) {\\n\n                showToast(\"Verification Error\", data.message || \"Failed to send OTP.\", \"error\");\\n\n            } else {\\n\n                showToast(\"OTP Sent\", \"Please check your WhatsApp for the code.\", \"success\");\\n\n            }\\n\n        })\\n\n        .catch(err => {\\n\n            console.error(\"OTP send error:\", err);\\n\n        });\\n\n\\n\n        return true;\\n\n    }\\n\n\\n\n    function updateProgress() {\\n\n        const progress = ((currentStepIndex + 1) / totalSteps) * 100;\\n\n        progressBar.style.width = progress + '%';\\n\n        \\n\n        prevBtn.disabled = currentStepIndex === 0;\\n\n        nextBtn.disabled = currentStepIndex === totalSteps - 1;\\n\n    }\\n\n\\n\n    function goToStep(index) {\\n\n        if (index < 0 || index >= totalSteps) return;\\n\n\\n\n        // If leaving the phone step to go to OTP step, trigger OTP send\\n\n        if (currentStepIndex === 1 && index === 2) {\\n\n            if (!phoneInput.value || phoneInput.value.length < 10) {\\n\n                showToast(\"Input Required\", \"Please enter a valid WhatsApp number.\", \"error\");\\n\n                return;\\n\n            }\\n\n            sendOTP();\\n\n        }\\n\n\\n\n        // Restrict OTP step (Step 3)\\n\n        if (currentStepIndex === 2 && index === 3) {\\n\n            const otpInput = steps[2].querySelector('input[name=\"otp\"]');\\n\n            if (!otpInput.value || otpInput.value.length < 4) {\\n\n                showToast(\"Verification Required\", \"Please enter the OTP sent to your phone.\", \"error\");\\n\n                otpInput.focus();\\n\n                return;\\n\n            }\\n\n        }\\n\n\\n\n        steps[currentStepIndex].classList.remove('active');\\n\n        if (index > currentStepIndex) {\\n\n            steps[currentStepIndex].classList.add('prev');\\n\n        } else {\\n\n            steps[currentStepIndex].classList.remove('prev');\\n\n        }\\n\n\\n\n        currentStepIndex = index;\\n\n        steps[currentStepIndex].classList.add('active');\\n\n        steps[currentStepIndex].classList.remove('prev');\\n\n\\n\n        const input = steps[currentStepIndex].querySelector('.tf-input');\\n\n        if (input) {\\n\n            // Small timeout to ensure visibility transition has started\\n\n            setTimeout(() => input.focus(), 100);\\n\n        }\\n\n\\n\n        updateProgress();\\n\n    }\\n\n\\n\n    tfNextBtns.forEach(btn => {\\n\n        btn.addEventListener('click', (e) => {\\n\n            e.preventDefault();\\n\n            goToStep(currentStepIndex + 1);\\n\n        });\\n\n    });\\n\n\\n\n    nextBtn.addEventListener('click', () => goToStep(currentStepIndex + 1));\\n\n    prevBtn.addEventListener('click', () => goToStep(currentStepIndex - 1));\\n\n\\n\n    // Keyboard navigation\\n\n    document.addEventListener('keydown', function(e) {\\n\n        if (e.key === 'Enter') {\\n\n            const currentStep = steps[currentStepIndex];\\n\n            const isTextarea = currentStep.querySelector('textarea');\\n\n            if (isTextarea && e.shiftKey) return; // Allow Shift+Enter in textarea\\n\n            \\n\n            if (currentStepIndex < totalSteps - 1) {\\n\n                e.preventDefault();\\n\n                goToStep(currentStepIndex + 1);\\n\n            }\\n\n        }\\n\n    });\\n\n    // Background Slider Auto-play\\n\n    const sliderItems = document.querySelectorAll('.slider-item');\\n\n    if (sliderItems.length > 1) {\\n\n        let sliderIndex = 0;\\n\n        setInterval(() => {\\n\n            sliderItems[sliderIndex].classList.remove('active');\\n\n            sliderIndex = (sliderIndex + 1) % sliderItems.length;\\n\n            sliderItems[sliderIndex].classList.add('active');\\n\n        }, 5000);\\n\n    }\\n\n});\\n\n</script>\\n\n    </main>\\n\n\\n\n    <footer>\\n\n        <p>\u00a9 2026 WorkshopPro. All rights reserved.</p>\\n\n    </footer>\\n\n</body>\\n\n</html>\\n\n' [UTF-8](length: 21410) contains \"The Great Workshop\" [ASCII](length: 18)."},{"test":"Tests\\Feature\\RegistrationTest::test_otp_send_rate_limited_by_phone","file":"/Users/naveenadicharla/Documents/Sai-video/tests/Feature/RegistrationTest.php","line":43,"message":"Unable to find JSON: \n\n[{\n    \"success\": false\n}]\n\nwithin response JSON:\n\n[{\n    \"message\": \"Too Many Attempts.\"\n}].\n\n\nFailed asserting that an array has the subset Array &0 [\n    'success' => false,\n].\n--- Expected\n+++ Actual\n@@ @@\n array (\n   'message' => 'Too Many Attempts.',\n-  'success' => false,\n )"}]}
